#-----------------------------------------------------------
# Vivado v2016.3 (64-bit)
# SW Build 1682563 on Mon Oct 10 19:07:27 MDT 2016
# IP Build 1681267 on Mon Oct 10 21:28:31 MDT 2016
# Start of session at: Mon Apr 10 10:21:52 2017
# Process ID: 3176
# Current directory: C:/Users/Jason/Dropbox/ULB/MA2/Memoire/Github/VFAT3-Testbench/Firmware/project_ipbus_extphy_xpr
# Command line: vivado.exe -gui_launcher_event rodinguilauncherevent11380 C:\Users\Jason\Dropbox\ULB\MA2\Memoire\Github\VFAT3-Testbench\Firmware\project_ipbus_extphy_xpr\project_ipbus_extphy_xpr.xpr
# Log file: C:/Users/Jason/Dropbox/ULB/MA2/Memoire/Github/VFAT3-Testbench/Firmware/project_ipbus_extphy_xpr/vivado.log
# Journal file: C:/Users/Jason/Dropbox/ULB/MA2/Memoire/Github/VFAT3-Testbench/Firmware/project_ipbus_extphy_xpr\vivado.jou
#-----------------------------------------------------------
start_gui
open_project C:/Users/Jason/Dropbox/ULB/MA2/Memoire/Github/VFAT3-Testbench/Firmware/project_ipbus_extphy_xpr/project_ipbus_extphy_xpr.xpr
reset_run synth_1
launch_runs impl_1 -to_step write_bitstream -jobs 4
wait_on_run impl_1
open_hw
connect_hw_server
open_hw_target
set_property PROGRAM.FILE {C:/Users/Jason/Dropbox/ULB/MA2/Memoire/Github/VFAT3-Testbench/Firmware/project_ipbus_extphy_xpr/project_ipbus_extphy_xpr.runs/impl_1/top.bit} [lindex [get_hw_devices xc7k325t_0] 0]
current_hw_device [lindex [get_hw_devices xc7k325t_0] 0]
refresh_hw_device -update_hw_probes false [lindex [get_hw_devices xc7k325t_0] 0]
set_property PROBES.FILE {} [lindex [get_hw_devices xc7k325t_0] 0]
set_property PROGRAM.FILE {C:/Users/Jason/Dropbox/ULB/MA2/Memoire/Github/VFAT3-Testbench/Firmware/project_ipbus_extphy_xpr/project_ipbus_extphy_xpr.runs/impl_1/top.bit} [lindex [get_hw_devices xc7k325t_0] 0]
program_hw_devices [lindex [get_hw_devices xc7k325t_0] 0]
refresh_hw_device [lindex [get_hw_devices xc7k325t_0] 0]
