Copyright 1986-2016 Xilinx, Inc. All Rights Reserved.
-------------------------------------------------------------------------------------------------------------
| Tool Version : Vivado v.2016.3 (win64) Build 1682563 Mon Oct 10 19:07:27 MDT 2016
| Date         : Tue Mar 28 13:51:11 2017
| Host         : Shinsekai running 64-bit major release  (build 9200)
| Command      : report_methodology -file top_methodology_drc_routed.rpt -rpx top_methodology_drc_routed.rpx
| Design       : top
| Device       : xc7k325tffg900-2
| Speed File   : -2
| Design State : Routed
-------------------------------------------------------------------------------------------------------------

Report Methodology

Table of Contents
-----------------
1. REPORT SUMMARY
2. REPORT DETAILS

1. REPORT SUMMARY
-----------------
            Netlist: netlist
          Floorplan: design_1
      Design limits: <entire design considered>
             Max violations: <unlimited>
             Violations found: 220
+-----------+----------+----------------------------------------------------+------------+
| Rule      | Severity | Description                                        | Violations |
+-----------+----------+----------------------------------------------------+------------+
| PDRC-190  | Warning  | Suboptimally placed synchronized register chain    | 4          |
| SYNTH-6   | Warning  | Timing of a block RAM might be sub-optimal         | 19         |
| TIMING-4  | Warning  | Invalid primary clock redefinition on a clock tree | 2          |
| TIMING-6  | Warning  | No common primary clock between related clocks     | 2          |
| TIMING-7  | Warning  | No common node between related clocks              | 2          |
| TIMING-9  | Warning  | Unknown CDC Logic                                  | 1          |
| TIMING-15 | Warning  | Large hold violation on inter-clock path           | 10         |
| TIMING-17 | Warning  | Non-clocked sequential cell                        | 160        |
| TIMING-18 | Warning  | Missing input or output delay                      | 19         |
| TIMING-27 | Warning  | Invalid primary clock on hierarchical pin          | 1          |
+-----------+----------+----------------------------------------------------+------------+

2. REPORT DETAILS
-----------------
PDRC-190#1 Warning
Suboptimally placed synchronized register chain  
The FDPE cell eth/emac0/U0/trimac_top/TRI_SPEED.TRIMAC_INST/SYNC_RX_RESET_I/R2 in site SLICE_X17Y127 is part of a synchronized register chain that is suboptimally placed as the load FDRE cell eth/emac0/U0/trimac_top/TRI_SPEED.TRIMAC_INST/SYNC_RX_RESET_I/R3 is not placed in the same (SLICE) site.
Related violations: <none>

PDRC-190#2 Warning
Suboptimally placed synchronized register chain  
The FDPE cell eth/emac0/U0/trimac_top/TRI_SPEED.TRIMAC_INST/SYNC_TX_RESET_I/R2 in site SLICE_X23Y165 is part of a synchronized register chain that is suboptimally placed as the load FDRE cell eth/emac0/U0/trimac_top/TRI_SPEED.TRIMAC_INST/SYNC_TX_RESET_I/R3 is not placed in the same (SLICE) site.
Related violations: <none>

PDRC-190#3 Warning
Suboptimally placed synchronized register chain  
The FDPE cell eth/fifo/U0/xst_fifo_generator/gaxis_fifo.gaxisf.axisf/grf.rf/rstblk/rd_rst_asreg in site SLICE_X13Y129 is part of a synchronized register chain that is suboptimally placed as the load FDRE cell eth/fifo/U0/xst_fifo_generator/gaxis_fifo.gaxisf.axisf/grf.rf/rstblk/rd_rst_asreg_d1 is not placed in the same (SLICE) site.
Related violations: <none>

PDRC-190#4 Warning
Suboptimally placed synchronized register chain  
The FDPE cell eth/fifo/U0/xst_fifo_generator/gaxis_fifo.gaxisf.axisf/grf.rf/rstblk/wr_rst_asreg in site SLICE_X12Y127 is part of a synchronized register chain that is suboptimally placed as the load FDRE cell eth/fifo/U0/xst_fifo_generator/gaxis_fifo.gaxisf.axisf/grf.rf/rstblk/wr_rst_asreg_d1 is not placed in the same (SLICE) site.
Related violations: <none>

SYNTH-6#1 Warning
Timing of a block RAM might be sub-optimal  
The timing for the instance ipbus/udp_if/internal_ram/ram_reg, implemented as a block RAM, might be sub-optimal as no output register was merged into the block
Related violations: <none>

SYNTH-6#2 Warning
Timing of a block RAM might be sub-optimal  
The timing for the instance ipbus/udp_if/ipbus_rx_ram/ram1_reg_0, implemented as a block RAM, might be sub-optimal as no output register was merged into the block
Related violations: <none>

SYNTH-6#3 Warning
Timing of a block RAM might be sub-optimal  
The timing for the instance ipbus/udp_if/ipbus_rx_ram/ram1_reg_1, implemented as a block RAM, might be sub-optimal as no output register was merged into the block
Related violations: <none>

SYNTH-6#4 Warning
Timing of a block RAM might be sub-optimal  
The timing for the instance ipbus/udp_if/ipbus_rx_ram/ram2_reg_0, implemented as a block RAM, might be sub-optimal as no output register was merged into the block
Related violations: <none>

SYNTH-6#5 Warning
Timing of a block RAM might be sub-optimal  
The timing for the instance ipbus/udp_if/ipbus_rx_ram/ram2_reg_1, implemented as a block RAM, might be sub-optimal as no output register was merged into the block
Related violations: <none>

SYNTH-6#6 Warning
Timing of a block RAM might be sub-optimal  
The timing for the instance ipbus/udp_if/ipbus_rx_ram/ram3_reg_0, implemented as a block RAM, might be sub-optimal as no output register was merged into the block
Related violations: <none>

SYNTH-6#7 Warning
Timing of a block RAM might be sub-optimal  
The timing for the instance ipbus/udp_if/ipbus_rx_ram/ram3_reg_1, implemented as a block RAM, might be sub-optimal as no output register was merged into the block
Related violations: <none>

SYNTH-6#8 Warning
Timing of a block RAM might be sub-optimal  
The timing for the instance ipbus/udp_if/ipbus_rx_ram/ram4_reg_0, implemented as a block RAM, might be sub-optimal as no output register was merged into the block
Related violations: <none>

SYNTH-6#9 Warning
Timing of a block RAM might be sub-optimal  
The timing for the instance ipbus/udp_if/ipbus_rx_ram/ram4_reg_1, implemented as a block RAM, might be sub-optimal as no output register was merged into the block
Related violations: <none>

SYNTH-6#10 Warning
Timing of a block RAM might be sub-optimal  
The timing for the instance ipbus/udp_if/ipbus_tx_ram/ram_reg_0, implemented as a block RAM, might be sub-optimal as no output register was merged into the block
Related violations: <none>

SYNTH-6#11 Warning
Timing of a block RAM might be sub-optimal  
The timing for the instance ipbus/udp_if/ipbus_tx_ram/ram_reg_1, implemented as a block RAM, might be sub-optimal as no output register was merged into the block
Related violations: <none>

SYNTH-6#12 Warning
Timing of a block RAM might be sub-optimal  
The timing for the instance ipbus/udp_if/ipbus_tx_ram/ram_reg_2, implemented as a block RAM, might be sub-optimal as no output register was merged into the block
Related violations: <none>

SYNTH-6#13 Warning
Timing of a block RAM might be sub-optimal  
The timing for the instance ipbus/udp_if/ipbus_tx_ram/ram_reg_3, implemented as a block RAM, might be sub-optimal as no output register was merged into the block
Related violations: <none>

SYNTH-6#14 Warning
Timing of a block RAM might be sub-optimal  
The timing for the instance ipbus/udp_if/ipbus_tx_ram/ram_reg_4, implemented as a block RAM, might be sub-optimal as no output register was merged into the block
Related violations: <none>

SYNTH-6#15 Warning
Timing of a block RAM might be sub-optimal  
The timing for the instance ipbus/udp_if/ipbus_tx_ram/ram_reg_5, implemented as a block RAM, might be sub-optimal as no output register was merged into the block
Related violations: <none>

SYNTH-6#16 Warning
Timing of a block RAM might be sub-optimal  
The timing for the instance ipbus/udp_if/ipbus_tx_ram/ram_reg_6, implemented as a block RAM, might be sub-optimal as no output register was merged into the block
Related violations: <none>

SYNTH-6#17 Warning
Timing of a block RAM might be sub-optimal  
The timing for the instance ipbus/udp_if/ipbus_tx_ram/ram_reg_7, implemented as a block RAM, might be sub-optimal as no output register was merged into the block
Related violations: <none>

SYNTH-6#18 Warning
Timing of a block RAM might be sub-optimal  
The timing for the instance slaves/slave2/reg_reg, implemented as a block RAM, might be sub-optimal as no output register was merged into the block
Related violations: <none>

SYNTH-6#19 Warning
Timing of a block RAM might be sub-optimal  
The timing for the instance slaves/slave4/reg_reg, implemented as a block RAM, might be sub-optimal as no output register was merged into the block
Related violations: <none>

TIMING-4#1 Warning
Invalid primary clock redefinition on a clock tree  
Invalid clock redefinition on a clock tree. The primary clock clocks/clk_wiz/inst/clk_in1 is defined downstream of clock gmii_rx_clk and overrides its insertion delay and/or waveform definition
Related violations: <none>

TIMING-4#2 Warning
Invalid primary clock redefinition on a clock tree  
Invalid clock redefinition on a clock tree. The primary clock clocks/clk_wiz/inst/clk_in1 is defined downstream of clock sysclk_p and overrides its insertion delay and/or waveform definition
Related violations: <none>

TIMING-6#1 Warning
No common primary clock between related clocks  
The clocks I and gmii_rx_clk are related (timed together) but they have no common primary clock. The design could fail in hardware. To find a timing path between these clocks, run the following command: report_timing -from [get_clocks I] -to [get_clocks gmii_rx_clk]
Related violations: <none>

TIMING-6#2 Warning
No common primary clock between related clocks  
The clocks gmii_rx_clk and I are related (timed together) but they have no common primary clock. The design could fail in hardware. To find a timing path between these clocks, run the following command: report_timing -from [get_clocks gmii_rx_clk] -to [get_clocks I]
Related violations: <none>

TIMING-7#1 Warning
No common node between related clocks  
The clocks I and gmii_rx_clk are related (timed together) but they have no common node. The design could fail in hardware. To find a timing path between these clocks, run the following command: report_timing -from [get_clocks I] -to [get_clocks gmii_rx_clk]
Related violations: <none>

TIMING-7#2 Warning
No common node between related clocks  
The clocks gmii_rx_clk and I are related (timed together) but they have no common node. The design could fail in hardware. To find a timing path between these clocks, run the following command: report_timing -from [get_clocks gmii_rx_clk] -to [get_clocks I]
Related violations: <none>

TIMING-9#1 Warning
Unknown CDC Logic  
One or more asynchronous Clock Domain Crossing has been detected between 2 clock domains through a set_false_path or a set_clock_groups or set_max_delay -datapath_only constraint but no double-registers logic synchronizer has been found on the side of the capture clock. It is recommended to run report_cdc for a complete and detailed CDC coverage
Related violations: <none>

TIMING-15#1 Warning
Large hold violation on inter-clock path  
There is a large inter-clock skew of 6.987 ns between eth/fifo/U0/xst_fifo_generator/gaxis_fifo.gaxisf.axisf/grf.rf/gntv_or_sync_fifo.mem/gdm.dm/Mram_RAM1/RAMA/CLK (clocked by gmii_rx_clk) and eth/fifo/U0/xst_fifo_generator/gaxis_fifo.gaxisf.axisf/grf.rf/gntv_or_sync_fifo.mem/gdm.dm/dout_i_0/D (clocked by I) that results in large hold timing violation(s) of -1.483 ns. Fixing large hold violations during routing might impact setup slack and result in more difficult timing closure
Related violations: <none>

TIMING-15#2 Warning
Large hold violation on inter-clock path  
There is a large inter-clock skew of 6.987 ns between eth/fifo/U0/xst_fifo_generator/gaxis_fifo.gaxisf.axisf/grf.rf/gntv_or_sync_fifo.mem/gdm.dm/Mram_RAM1/RAMA_D1/CLK (clocked by gmii_rx_clk) and eth/fifo/U0/xst_fifo_generator/gaxis_fifo.gaxisf.axisf/grf.rf/gntv_or_sync_fifo.mem/gdm.dm/dout_i_1/D (clocked by I) that results in large hold timing violation(s) of -1.662 ns. Fixing large hold violations during routing might impact setup slack and result in more difficult timing closure
Related violations: <none>

TIMING-15#3 Warning
Large hold violation on inter-clock path  
There is a large inter-clock skew of 6.987 ns between eth/fifo/U0/xst_fifo_generator/gaxis_fifo.gaxisf.axisf/grf.rf/gntv_or_sync_fifo.mem/gdm.dm/Mram_RAM1/RAMB/CLK (clocked by gmii_rx_clk) and eth/fifo/U0/xst_fifo_generator/gaxis_fifo.gaxisf.axisf/grf.rf/gntv_or_sync_fifo.mem/gdm.dm/dout_i_2/D (clocked by I) that results in large hold timing violation(s) of -1.676 ns. Fixing large hold violations during routing might impact setup slack and result in more difficult timing closure
Related violations: <none>

TIMING-15#4 Warning
Large hold violation on inter-clock path  
There is a large inter-clock skew of 6.987 ns between eth/fifo/U0/xst_fifo_generator/gaxis_fifo.gaxisf.axisf/grf.rf/gntv_or_sync_fifo.mem/gdm.dm/Mram_RAM1/RAMB_D1/CLK (clocked by gmii_rx_clk) and eth/fifo/U0/xst_fifo_generator/gaxis_fifo.gaxisf.axisf/grf.rf/gntv_or_sync_fifo.mem/gdm.dm/dout_i_3/D (clocked by I) that results in large hold timing violation(s) of -1.229 ns. Fixing large hold violations during routing might impact setup slack and result in more difficult timing closure
Related violations: <none>

TIMING-15#5 Warning
Large hold violation on inter-clock path  
There is a large inter-clock skew of 6.987 ns between eth/fifo/U0/xst_fifo_generator/gaxis_fifo.gaxisf.axisf/grf.rf/gntv_or_sync_fifo.mem/gdm.dm/Mram_RAM1/RAMC/CLK (clocked by gmii_rx_clk) and eth/fifo/U0/xst_fifo_generator/gaxis_fifo.gaxisf.axisf/grf.rf/gntv_or_sync_fifo.mem/gdm.dm/dout_i_4/D (clocked by I) that results in large hold timing violation(s) of -1.153 ns. Fixing large hold violations during routing might impact setup slack and result in more difficult timing closure
Related violations: <none>

TIMING-15#6 Warning
Large hold violation on inter-clock path  
There is a large inter-clock skew of 6.987 ns between eth/fifo/U0/xst_fifo_generator/gaxis_fifo.gaxisf.axisf/grf.rf/gntv_or_sync_fifo.mem/gdm.dm/Mram_RAM1/RAMC_D1/CLK (clocked by gmii_rx_clk) and eth/fifo/U0/xst_fifo_generator/gaxis_fifo.gaxisf.axisf/grf.rf/gntv_or_sync_fifo.mem/gdm.dm/dout_i_5/D (clocked by I) that results in large hold timing violation(s) of -1.580 ns. Fixing large hold violations during routing might impact setup slack and result in more difficult timing closure
Related violations: <none>

TIMING-15#7 Warning
Large hold violation on inter-clock path  
There is a large inter-clock skew of 7.042 ns between eth/fifo/U0/xst_fifo_generator/gaxis_fifo.gaxisf.axisf/grf.rf/gntv_or_sync_fifo.mem/gdm.dm/Mram_RAM21/DP/CLK (clocked by gmii_rx_clk) and eth/fifo/U0/xst_fifo_generator/gaxis_fifo.gaxisf.axisf/grf.rf/gntv_or_sync_fifo.mem/gdm.dm/dout_i_6/D (clocked by I) that results in large hold timing violation(s) of -1.772 ns. Fixing large hold violations during routing might impact setup slack and result in more difficult timing closure
Related violations: <none>

TIMING-15#8 Warning
Large hold violation on inter-clock path  
There is a large inter-clock skew of 7.042 ns between eth/fifo/U0/xst_fifo_generator/gaxis_fifo.gaxisf.axisf/grf.rf/gntv_or_sync_fifo.mem/gdm.dm/Mram_RAM24/DP/CLK (clocked by gmii_rx_clk) and eth/fifo/U0/xst_fifo_generator/gaxis_fifo.gaxisf.axisf/grf.rf/gntv_or_sync_fifo.mem/gdm.dm/dout_i_9/D (clocked by I) that results in large hold timing violation(s) of -1.622 ns. Fixing large hold violations during routing might impact setup slack and result in more difficult timing closure
Related violations: <none>

TIMING-15#9 Warning
Large hold violation on inter-clock path  
There is a large inter-clock skew of 7.097 ns between eth/fifo/U0/xst_fifo_generator/gaxis_fifo.gaxisf.axisf/grf.rf/gntv_or_sync_fifo.mem/gdm.dm/Mram_RAM22/DP/CLK (clocked by gmii_rx_clk) and eth/fifo/U0/xst_fifo_generator/gaxis_fifo.gaxisf.axisf/grf.rf/gntv_or_sync_fifo.mem/gdm.dm/dout_i_7/D (clocked by I) that results in large hold timing violation(s) of -1.304 ns. Fixing large hold violations during routing might impact setup slack and result in more difficult timing closure
Related violations: <none>

TIMING-15#10 Warning
Large hold violation on inter-clock path  
There is a large inter-clock skew of 7.097 ns between eth/fifo/U0/xst_fifo_generator/gaxis_fifo.gaxisf.axisf/grf.rf/gntv_or_sync_fifo.mem/gdm.dm/Mram_RAM23/DP/CLK (clocked by gmii_rx_clk) and eth/fifo/U0/xst_fifo_generator/gaxis_fifo.gaxisf.axisf/grf.rf/gntv_or_sync_fifo.mem/gdm.dm/dout_i_8/D (clocked by I) that results in large hold timing violation(s) of -1.299 ns. Fixing large hold violations during routing might impact setup slack and result in more difficult timing closure
Related violations: <none>

TIMING-17#1 Warning
Non-clocked sequential cell  
The clock pin slaves/slave_vfat3/buffer_in/counter_onehz0_reg[0]/C is not reached by a timing clock
Related violations: <none>

TIMING-17#2 Warning
Non-clocked sequential cell  
The clock pin slaves/slave_vfat3/buffer_in/counter_onehz0_reg[10]/C is not reached by a timing clock
Related violations: <none>

TIMING-17#3 Warning
Non-clocked sequential cell  
The clock pin slaves/slave_vfat3/buffer_in/counter_onehz0_reg[11]/C is not reached by a timing clock
Related violations: <none>

TIMING-17#4 Warning
Non-clocked sequential cell  
The clock pin slaves/slave_vfat3/buffer_in/counter_onehz0_reg[12]/C is not reached by a timing clock
Related violations: <none>

TIMING-17#5 Warning
Non-clocked sequential cell  
The clock pin slaves/slave_vfat3/buffer_in/counter_onehz0_reg[13]/C is not reached by a timing clock
Related violations: <none>

TIMING-17#6 Warning
Non-clocked sequential cell  
The clock pin slaves/slave_vfat3/buffer_in/counter_onehz0_reg[14]/C is not reached by a timing clock
Related violations: <none>

TIMING-17#7 Warning
Non-clocked sequential cell  
The clock pin slaves/slave_vfat3/buffer_in/counter_onehz0_reg[15]/C is not reached by a timing clock
Related violations: <none>

TIMING-17#8 Warning
Non-clocked sequential cell  
The clock pin slaves/slave_vfat3/buffer_in/counter_onehz0_reg[16]/C is not reached by a timing clock
Related violations: <none>

TIMING-17#9 Warning
Non-clocked sequential cell  
The clock pin slaves/slave_vfat3/buffer_in/counter_onehz0_reg[17]/C is not reached by a timing clock
Related violations: <none>

TIMING-17#10 Warning
Non-clocked sequential cell  
The clock pin slaves/slave_vfat3/buffer_in/counter_onehz0_reg[18]/C is not reached by a timing clock
Related violations: <none>

TIMING-17#11 Warning
Non-clocked sequential cell  
The clock pin slaves/slave_vfat3/buffer_in/counter_onehz0_reg[19]/C is not reached by a timing clock
Related violations: <none>

TIMING-17#12 Warning
Non-clocked sequential cell  
The clock pin slaves/slave_vfat3/buffer_in/counter_onehz0_reg[1]/C is not reached by a timing clock
Related violations: <none>

TIMING-17#13 Warning
Non-clocked sequential cell  
The clock pin slaves/slave_vfat3/buffer_in/counter_onehz0_reg[20]/C is not reached by a timing clock
Related violations: <none>

TIMING-17#14 Warning
Non-clocked sequential cell  
The clock pin slaves/slave_vfat3/buffer_in/counter_onehz0_reg[21]/C is not reached by a timing clock
Related violations: <none>

TIMING-17#15 Warning
Non-clocked sequential cell  
The clock pin slaves/slave_vfat3/buffer_in/counter_onehz0_reg[22]/C is not reached by a timing clock
Related violations: <none>

TIMING-17#16 Warning
Non-clocked sequential cell  
The clock pin slaves/slave_vfat3/buffer_in/counter_onehz0_reg[23]/C is not reached by a timing clock
Related violations: <none>

TIMING-17#17 Warning
Non-clocked sequential cell  
The clock pin slaves/slave_vfat3/buffer_in/counter_onehz0_reg[24]/C is not reached by a timing clock
Related violations: <none>

TIMING-17#18 Warning
Non-clocked sequential cell  
The clock pin slaves/slave_vfat3/buffer_in/counter_onehz0_reg[25]/C is not reached by a timing clock
Related violations: <none>

TIMING-17#19 Warning
Non-clocked sequential cell  
The clock pin slaves/slave_vfat3/buffer_in/counter_onehz0_reg[26]/C is not reached by a timing clock
Related violations: <none>

TIMING-17#20 Warning
Non-clocked sequential cell  
The clock pin slaves/slave_vfat3/buffer_in/counter_onehz0_reg[27]/C is not reached by a timing clock
Related violations: <none>

TIMING-17#21 Warning
Non-clocked sequential cell  
The clock pin slaves/slave_vfat3/buffer_in/counter_onehz0_reg[28]/C is not reached by a timing clock
Related violations: <none>

TIMING-17#22 Warning
Non-clocked sequential cell  
The clock pin slaves/slave_vfat3/buffer_in/counter_onehz0_reg[29]/C is not reached by a timing clock
Related violations: <none>

TIMING-17#23 Warning
Non-clocked sequential cell  
The clock pin slaves/slave_vfat3/buffer_in/counter_onehz0_reg[2]/C is not reached by a timing clock
Related violations: <none>

TIMING-17#24 Warning
Non-clocked sequential cell  
The clock pin slaves/slave_vfat3/buffer_in/counter_onehz0_reg[30]/C is not reached by a timing clock
Related violations: <none>

TIMING-17#25 Warning
Non-clocked sequential cell  
The clock pin slaves/slave_vfat3/buffer_in/counter_onehz0_reg[31]/C is not reached by a timing clock
Related violations: <none>

TIMING-17#26 Warning
Non-clocked sequential cell  
The clock pin slaves/slave_vfat3/buffer_in/counter_onehz0_reg[3]/C is not reached by a timing clock
Related violations: <none>

TIMING-17#27 Warning
Non-clocked sequential cell  
The clock pin slaves/slave_vfat3/buffer_in/counter_onehz0_reg[4]/C is not reached by a timing clock
Related violations: <none>

TIMING-17#28 Warning
Non-clocked sequential cell  
The clock pin slaves/slave_vfat3/buffer_in/counter_onehz0_reg[5]/C is not reached by a timing clock
Related violations: <none>

TIMING-17#29 Warning
Non-clocked sequential cell  
The clock pin slaves/slave_vfat3/buffer_in/counter_onehz0_reg[6]/C is not reached by a timing clock
Related violations: <none>

TIMING-17#30 Warning
Non-clocked sequential cell  
The clock pin slaves/slave_vfat3/buffer_in/counter_onehz0_reg[7]/C is not reached by a timing clock
Related violations: <none>

TIMING-17#31 Warning
Non-clocked sequential cell  
The clock pin slaves/slave_vfat3/buffer_in/counter_onehz0_reg[8]/C is not reached by a timing clock
Related violations: <none>

TIMING-17#32 Warning
Non-clocked sequential cell  
The clock pin slaves/slave_vfat3/buffer_in/counter_onehz0_reg[9]/C is not reached by a timing clock
Related violations: <none>

TIMING-17#33 Warning
Non-clocked sequential cell  
The clock pin slaves/slave_vfat3/buffer_in/counter_onehz1_reg[0]/C is not reached by a timing clock
Related violations: <none>

TIMING-17#34 Warning
Non-clocked sequential cell  
The clock pin slaves/slave_vfat3/buffer_in/counter_onehz1_reg[10]/C is not reached by a timing clock
Related violations: <none>

TIMING-17#35 Warning
Non-clocked sequential cell  
The clock pin slaves/slave_vfat3/buffer_in/counter_onehz1_reg[11]/C is not reached by a timing clock
Related violations: <none>

TIMING-17#36 Warning
Non-clocked sequential cell  
The clock pin slaves/slave_vfat3/buffer_in/counter_onehz1_reg[12]/C is not reached by a timing clock
Related violations: <none>

TIMING-17#37 Warning
Non-clocked sequential cell  
The clock pin slaves/slave_vfat3/buffer_in/counter_onehz1_reg[13]/C is not reached by a timing clock
Related violations: <none>

TIMING-17#38 Warning
Non-clocked sequential cell  
The clock pin slaves/slave_vfat3/buffer_in/counter_onehz1_reg[14]/C is not reached by a timing clock
Related violations: <none>

TIMING-17#39 Warning
Non-clocked sequential cell  
The clock pin slaves/slave_vfat3/buffer_in/counter_onehz1_reg[15]/C is not reached by a timing clock
Related violations: <none>

TIMING-17#40 Warning
Non-clocked sequential cell  
The clock pin slaves/slave_vfat3/buffer_in/counter_onehz1_reg[16]/C is not reached by a timing clock
Related violations: <none>

TIMING-17#41 Warning
Non-clocked sequential cell  
The clock pin slaves/slave_vfat3/buffer_in/counter_onehz1_reg[17]/C is not reached by a timing clock
Related violations: <none>

TIMING-17#42 Warning
Non-clocked sequential cell  
The clock pin slaves/slave_vfat3/buffer_in/counter_onehz1_reg[18]/C is not reached by a timing clock
Related violations: <none>

TIMING-17#43 Warning
Non-clocked sequential cell  
The clock pin slaves/slave_vfat3/buffer_in/counter_onehz1_reg[19]/C is not reached by a timing clock
Related violations: <none>

TIMING-17#44 Warning
Non-clocked sequential cell  
The clock pin slaves/slave_vfat3/buffer_in/counter_onehz1_reg[1]/C is not reached by a timing clock
Related violations: <none>

TIMING-17#45 Warning
Non-clocked sequential cell  
The clock pin slaves/slave_vfat3/buffer_in/counter_onehz1_reg[20]/C is not reached by a timing clock
Related violations: <none>

TIMING-17#46 Warning
Non-clocked sequential cell  
The clock pin slaves/slave_vfat3/buffer_in/counter_onehz1_reg[21]/C is not reached by a timing clock
Related violations: <none>

TIMING-17#47 Warning
Non-clocked sequential cell  
The clock pin slaves/slave_vfat3/buffer_in/counter_onehz1_reg[22]/C is not reached by a timing clock
Related violations: <none>

TIMING-17#48 Warning
Non-clocked sequential cell  
The clock pin slaves/slave_vfat3/buffer_in/counter_onehz1_reg[23]/C is not reached by a timing clock
Related violations: <none>

TIMING-17#49 Warning
Non-clocked sequential cell  
The clock pin slaves/slave_vfat3/buffer_in/counter_onehz1_reg[24]/C is not reached by a timing clock
Related violations: <none>

TIMING-17#50 Warning
Non-clocked sequential cell  
The clock pin slaves/slave_vfat3/buffer_in/counter_onehz1_reg[25]/C is not reached by a timing clock
Related violations: <none>

TIMING-17#51 Warning
Non-clocked sequential cell  
The clock pin slaves/slave_vfat3/buffer_in/counter_onehz1_reg[26]/C is not reached by a timing clock
Related violations: <none>

TIMING-17#52 Warning
Non-clocked sequential cell  
The clock pin slaves/slave_vfat3/buffer_in/counter_onehz1_reg[27]/C is not reached by a timing clock
Related violations: <none>

TIMING-17#53 Warning
Non-clocked sequential cell  
The clock pin slaves/slave_vfat3/buffer_in/counter_onehz1_reg[28]/C is not reached by a timing clock
Related violations: <none>

TIMING-17#54 Warning
Non-clocked sequential cell  
The clock pin slaves/slave_vfat3/buffer_in/counter_onehz1_reg[29]/C is not reached by a timing clock
Related violations: <none>

TIMING-17#55 Warning
Non-clocked sequential cell  
The clock pin slaves/slave_vfat3/buffer_in/counter_onehz1_reg[2]/C is not reached by a timing clock
Related violations: <none>

TIMING-17#56 Warning
Non-clocked sequential cell  
The clock pin slaves/slave_vfat3/buffer_in/counter_onehz1_reg[30]/C is not reached by a timing clock
Related violations: <none>

TIMING-17#57 Warning
Non-clocked sequential cell  
The clock pin slaves/slave_vfat3/buffer_in/counter_onehz1_reg[31]/C is not reached by a timing clock
Related violations: <none>

TIMING-17#58 Warning
Non-clocked sequential cell  
The clock pin slaves/slave_vfat3/buffer_in/counter_onehz1_reg[3]/C is not reached by a timing clock
Related violations: <none>

TIMING-17#59 Warning
Non-clocked sequential cell  
The clock pin slaves/slave_vfat3/buffer_in/counter_onehz1_reg[4]/C is not reached by a timing clock
Related violations: <none>

TIMING-17#60 Warning
Non-clocked sequential cell  
The clock pin slaves/slave_vfat3/buffer_in/counter_onehz1_reg[5]/C is not reached by a timing clock
Related violations: <none>

TIMING-17#61 Warning
Non-clocked sequential cell  
The clock pin slaves/slave_vfat3/buffer_in/counter_onehz1_reg[6]/C is not reached by a timing clock
Related violations: <none>

TIMING-17#62 Warning
Non-clocked sequential cell  
The clock pin slaves/slave_vfat3/buffer_in/counter_onehz1_reg[7]/C is not reached by a timing clock
Related violations: <none>

TIMING-17#63 Warning
Non-clocked sequential cell  
The clock pin slaves/slave_vfat3/buffer_in/counter_onehz1_reg[8]/C is not reached by a timing clock
Related violations: <none>

TIMING-17#64 Warning
Non-clocked sequential cell  
The clock pin slaves/slave_vfat3/buffer_in/counter_onehz1_reg[9]/C is not reached by a timing clock
Related violations: <none>

TIMING-17#65 Warning
Non-clocked sequential cell  
The clock pin slaves/slave_vfat3/buffer_in/counter_onehz2_reg[0]/C is not reached by a timing clock
Related violations: <none>

TIMING-17#66 Warning
Non-clocked sequential cell  
The clock pin slaves/slave_vfat3/buffer_in/counter_onehz2_reg[10]/C is not reached by a timing clock
Related violations: <none>

TIMING-17#67 Warning
Non-clocked sequential cell  
The clock pin slaves/slave_vfat3/buffer_in/counter_onehz2_reg[11]/C is not reached by a timing clock
Related violations: <none>

TIMING-17#68 Warning
Non-clocked sequential cell  
The clock pin slaves/slave_vfat3/buffer_in/counter_onehz2_reg[12]/C is not reached by a timing clock
Related violations: <none>

TIMING-17#69 Warning
Non-clocked sequential cell  
The clock pin slaves/slave_vfat3/buffer_in/counter_onehz2_reg[13]/C is not reached by a timing clock
Related violations: <none>

TIMING-17#70 Warning
Non-clocked sequential cell  
The clock pin slaves/slave_vfat3/buffer_in/counter_onehz2_reg[14]/C is not reached by a timing clock
Related violations: <none>

TIMING-17#71 Warning
Non-clocked sequential cell  
The clock pin slaves/slave_vfat3/buffer_in/counter_onehz2_reg[15]/C is not reached by a timing clock
Related violations: <none>

TIMING-17#72 Warning
Non-clocked sequential cell  
The clock pin slaves/slave_vfat3/buffer_in/counter_onehz2_reg[16]/C is not reached by a timing clock
Related violations: <none>

TIMING-17#73 Warning
Non-clocked sequential cell  
The clock pin slaves/slave_vfat3/buffer_in/counter_onehz2_reg[17]/C is not reached by a timing clock
Related violations: <none>

TIMING-17#74 Warning
Non-clocked sequential cell  
The clock pin slaves/slave_vfat3/buffer_in/counter_onehz2_reg[18]/C is not reached by a timing clock
Related violations: <none>

TIMING-17#75 Warning
Non-clocked sequential cell  
The clock pin slaves/slave_vfat3/buffer_in/counter_onehz2_reg[19]/C is not reached by a timing clock
Related violations: <none>

TIMING-17#76 Warning
Non-clocked sequential cell  
The clock pin slaves/slave_vfat3/buffer_in/counter_onehz2_reg[1]/C is not reached by a timing clock
Related violations: <none>

TIMING-17#77 Warning
Non-clocked sequential cell  
The clock pin slaves/slave_vfat3/buffer_in/counter_onehz2_reg[20]/C is not reached by a timing clock
Related violations: <none>

TIMING-17#78 Warning
Non-clocked sequential cell  
The clock pin slaves/slave_vfat3/buffer_in/counter_onehz2_reg[21]/C is not reached by a timing clock
Related violations: <none>

TIMING-17#79 Warning
Non-clocked sequential cell  
The clock pin slaves/slave_vfat3/buffer_in/counter_onehz2_reg[22]/C is not reached by a timing clock
Related violations: <none>

TIMING-17#80 Warning
Non-clocked sequential cell  
The clock pin slaves/slave_vfat3/buffer_in/counter_onehz2_reg[23]/C is not reached by a timing clock
Related violations: <none>

TIMING-17#81 Warning
Non-clocked sequential cell  
The clock pin slaves/slave_vfat3/buffer_in/counter_onehz2_reg[24]/C is not reached by a timing clock
Related violations: <none>

TIMING-17#82 Warning
Non-clocked sequential cell  
The clock pin slaves/slave_vfat3/buffer_in/counter_onehz2_reg[25]/C is not reached by a timing clock
Related violations: <none>

TIMING-17#83 Warning
Non-clocked sequential cell  
The clock pin slaves/slave_vfat3/buffer_in/counter_onehz2_reg[26]/C is not reached by a timing clock
Related violations: <none>

TIMING-17#84 Warning
Non-clocked sequential cell  
The clock pin slaves/slave_vfat3/buffer_in/counter_onehz2_reg[27]/C is not reached by a timing clock
Related violations: <none>

TIMING-17#85 Warning
Non-clocked sequential cell  
The clock pin slaves/slave_vfat3/buffer_in/counter_onehz2_reg[28]/C is not reached by a timing clock
Related violations: <none>

TIMING-17#86 Warning
Non-clocked sequential cell  
The clock pin slaves/slave_vfat3/buffer_in/counter_onehz2_reg[29]/C is not reached by a timing clock
Related violations: <none>

TIMING-17#87 Warning
Non-clocked sequential cell  
The clock pin slaves/slave_vfat3/buffer_in/counter_onehz2_reg[2]/C is not reached by a timing clock
Related violations: <none>

TIMING-17#88 Warning
Non-clocked sequential cell  
The clock pin slaves/slave_vfat3/buffer_in/counter_onehz2_reg[30]/C is not reached by a timing clock
Related violations: <none>

TIMING-17#89 Warning
Non-clocked sequential cell  
The clock pin slaves/slave_vfat3/buffer_in/counter_onehz2_reg[31]/C is not reached by a timing clock
Related violations: <none>

TIMING-17#90 Warning
Non-clocked sequential cell  
The clock pin slaves/slave_vfat3/buffer_in/counter_onehz2_reg[3]/C is not reached by a timing clock
Related violations: <none>

TIMING-17#91 Warning
Non-clocked sequential cell  
The clock pin slaves/slave_vfat3/buffer_in/counter_onehz2_reg[4]/C is not reached by a timing clock
Related violations: <none>

TIMING-17#92 Warning
Non-clocked sequential cell  
The clock pin slaves/slave_vfat3/buffer_in/counter_onehz2_reg[5]/C is not reached by a timing clock
Related violations: <none>

TIMING-17#93 Warning
Non-clocked sequential cell  
The clock pin slaves/slave_vfat3/buffer_in/counter_onehz2_reg[6]/C is not reached by a timing clock
Related violations: <none>

TIMING-17#94 Warning
Non-clocked sequential cell  
The clock pin slaves/slave_vfat3/buffer_in/counter_onehz2_reg[7]/C is not reached by a timing clock
Related violations: <none>

TIMING-17#95 Warning
Non-clocked sequential cell  
The clock pin slaves/slave_vfat3/buffer_in/counter_onehz2_reg[8]/C is not reached by a timing clock
Related violations: <none>

TIMING-17#96 Warning
Non-clocked sequential cell  
The clock pin slaves/slave_vfat3/buffer_in/counter_onehz2_reg[9]/C is not reached by a timing clock
Related violations: <none>

TIMING-17#97 Warning
Non-clocked sequential cell  
The clock pin slaves/slave_vfat3/buffer_in/counter_onehz3_reg[0]/C is not reached by a timing clock
Related violations: <none>

TIMING-17#98 Warning
Non-clocked sequential cell  
The clock pin slaves/slave_vfat3/buffer_in/counter_onehz3_reg[10]/C is not reached by a timing clock
Related violations: <none>

TIMING-17#99 Warning
Non-clocked sequential cell  
The clock pin slaves/slave_vfat3/buffer_in/counter_onehz3_reg[11]/C is not reached by a timing clock
Related violations: <none>

TIMING-17#100 Warning
Non-clocked sequential cell  
The clock pin slaves/slave_vfat3/buffer_in/counter_onehz3_reg[12]/C is not reached by a timing clock
Related violations: <none>

TIMING-17#101 Warning
Non-clocked sequential cell  
The clock pin slaves/slave_vfat3/buffer_in/counter_onehz3_reg[13]/C is not reached by a timing clock
Related violations: <none>

TIMING-17#102 Warning
Non-clocked sequential cell  
The clock pin slaves/slave_vfat3/buffer_in/counter_onehz3_reg[14]/C is not reached by a timing clock
Related violations: <none>

TIMING-17#103 Warning
Non-clocked sequential cell  
The clock pin slaves/slave_vfat3/buffer_in/counter_onehz3_reg[15]/C is not reached by a timing clock
Related violations: <none>

TIMING-17#104 Warning
Non-clocked sequential cell  
The clock pin slaves/slave_vfat3/buffer_in/counter_onehz3_reg[16]/C is not reached by a timing clock
Related violations: <none>

TIMING-17#105 Warning
Non-clocked sequential cell  
The clock pin slaves/slave_vfat3/buffer_in/counter_onehz3_reg[17]/C is not reached by a timing clock
Related violations: <none>

TIMING-17#106 Warning
Non-clocked sequential cell  
The clock pin slaves/slave_vfat3/buffer_in/counter_onehz3_reg[18]/C is not reached by a timing clock
Related violations: <none>

TIMING-17#107 Warning
Non-clocked sequential cell  
The clock pin slaves/slave_vfat3/buffer_in/counter_onehz3_reg[19]/C is not reached by a timing clock
Related violations: <none>

TIMING-17#108 Warning
Non-clocked sequential cell  
The clock pin slaves/slave_vfat3/buffer_in/counter_onehz3_reg[1]/C is not reached by a timing clock
Related violations: <none>

TIMING-17#109 Warning
Non-clocked sequential cell  
The clock pin slaves/slave_vfat3/buffer_in/counter_onehz3_reg[20]/C is not reached by a timing clock
Related violations: <none>

TIMING-17#110 Warning
Non-clocked sequential cell  
The clock pin slaves/slave_vfat3/buffer_in/counter_onehz3_reg[21]/C is not reached by a timing clock
Related violations: <none>

TIMING-17#111 Warning
Non-clocked sequential cell  
The clock pin slaves/slave_vfat3/buffer_in/counter_onehz3_reg[22]/C is not reached by a timing clock
Related violations: <none>

TIMING-17#112 Warning
Non-clocked sequential cell  
The clock pin slaves/slave_vfat3/buffer_in/counter_onehz3_reg[23]/C is not reached by a timing clock
Related violations: <none>

TIMING-17#113 Warning
Non-clocked sequential cell  
The clock pin slaves/slave_vfat3/buffer_in/counter_onehz3_reg[24]/C is not reached by a timing clock
Related violations: <none>

TIMING-17#114 Warning
Non-clocked sequential cell  
The clock pin slaves/slave_vfat3/buffer_in/counter_onehz3_reg[25]/C is not reached by a timing clock
Related violations: <none>

TIMING-17#115 Warning
Non-clocked sequential cell  
The clock pin slaves/slave_vfat3/buffer_in/counter_onehz3_reg[26]/C is not reached by a timing clock
Related violations: <none>

TIMING-17#116 Warning
Non-clocked sequential cell  
The clock pin slaves/slave_vfat3/buffer_in/counter_onehz3_reg[27]/C is not reached by a timing clock
Related violations: <none>

TIMING-17#117 Warning
Non-clocked sequential cell  
The clock pin slaves/slave_vfat3/buffer_in/counter_onehz3_reg[28]/C is not reached by a timing clock
Related violations: <none>

TIMING-17#118 Warning
Non-clocked sequential cell  
The clock pin slaves/slave_vfat3/buffer_in/counter_onehz3_reg[29]/C is not reached by a timing clock
Related violations: <none>

TIMING-17#119 Warning
Non-clocked sequential cell  
The clock pin slaves/slave_vfat3/buffer_in/counter_onehz3_reg[2]/C is not reached by a timing clock
Related violations: <none>

TIMING-17#120 Warning
Non-clocked sequential cell  
The clock pin slaves/slave_vfat3/buffer_in/counter_onehz3_reg[30]/C is not reached by a timing clock
Related violations: <none>

TIMING-17#121 Warning
Non-clocked sequential cell  
The clock pin slaves/slave_vfat3/buffer_in/counter_onehz3_reg[31]/C is not reached by a timing clock
Related violations: <none>

TIMING-17#122 Warning
Non-clocked sequential cell  
The clock pin slaves/slave_vfat3/buffer_in/counter_onehz3_reg[3]/C is not reached by a timing clock
Related violations: <none>

TIMING-17#123 Warning
Non-clocked sequential cell  
The clock pin slaves/slave_vfat3/buffer_in/counter_onehz3_reg[4]/C is not reached by a timing clock
Related violations: <none>

TIMING-17#124 Warning
Non-clocked sequential cell  
The clock pin slaves/slave_vfat3/buffer_in/counter_onehz3_reg[5]/C is not reached by a timing clock
Related violations: <none>

TIMING-17#125 Warning
Non-clocked sequential cell  
The clock pin slaves/slave_vfat3/buffer_in/counter_onehz3_reg[6]/C is not reached by a timing clock
Related violations: <none>

TIMING-17#126 Warning
Non-clocked sequential cell  
The clock pin slaves/slave_vfat3/buffer_in/counter_onehz3_reg[7]/C is not reached by a timing clock
Related violations: <none>

TIMING-17#127 Warning
Non-clocked sequential cell  
The clock pin slaves/slave_vfat3/buffer_in/counter_onehz3_reg[8]/C is not reached by a timing clock
Related violations: <none>

TIMING-17#128 Warning
Non-clocked sequential cell  
The clock pin slaves/slave_vfat3/buffer_in/counter_onehz3_reg[9]/C is not reached by a timing clock
Related violations: <none>

TIMING-17#129 Warning
Non-clocked sequential cell  
The clock pin slaves/slave_vfat3/buffer_in/counter_onehz4_reg[0]/C is not reached by a timing clock
Related violations: <none>

TIMING-17#130 Warning
Non-clocked sequential cell  
The clock pin slaves/slave_vfat3/buffer_in/counter_onehz4_reg[10]/C is not reached by a timing clock
Related violations: <none>

TIMING-17#131 Warning
Non-clocked sequential cell  
The clock pin slaves/slave_vfat3/buffer_in/counter_onehz4_reg[11]/C is not reached by a timing clock
Related violations: <none>

TIMING-17#132 Warning
Non-clocked sequential cell  
The clock pin slaves/slave_vfat3/buffer_in/counter_onehz4_reg[12]/C is not reached by a timing clock
Related violations: <none>

TIMING-17#133 Warning
Non-clocked sequential cell  
The clock pin slaves/slave_vfat3/buffer_in/counter_onehz4_reg[13]/C is not reached by a timing clock
Related violations: <none>

TIMING-17#134 Warning
Non-clocked sequential cell  
The clock pin slaves/slave_vfat3/buffer_in/counter_onehz4_reg[14]/C is not reached by a timing clock
Related violations: <none>

TIMING-17#135 Warning
Non-clocked sequential cell  
The clock pin slaves/slave_vfat3/buffer_in/counter_onehz4_reg[15]/C is not reached by a timing clock
Related violations: <none>

TIMING-17#136 Warning
Non-clocked sequential cell  
The clock pin slaves/slave_vfat3/buffer_in/counter_onehz4_reg[16]/C is not reached by a timing clock
Related violations: <none>

TIMING-17#137 Warning
Non-clocked sequential cell  
The clock pin slaves/slave_vfat3/buffer_in/counter_onehz4_reg[17]/C is not reached by a timing clock
Related violations: <none>

TIMING-17#138 Warning
Non-clocked sequential cell  
The clock pin slaves/slave_vfat3/buffer_in/counter_onehz4_reg[18]/C is not reached by a timing clock
Related violations: <none>

TIMING-17#139 Warning
Non-clocked sequential cell  
The clock pin slaves/slave_vfat3/buffer_in/counter_onehz4_reg[19]/C is not reached by a timing clock
Related violations: <none>

TIMING-17#140 Warning
Non-clocked sequential cell  
The clock pin slaves/slave_vfat3/buffer_in/counter_onehz4_reg[1]/C is not reached by a timing clock
Related violations: <none>

TIMING-17#141 Warning
Non-clocked sequential cell  
The clock pin slaves/slave_vfat3/buffer_in/counter_onehz4_reg[20]/C is not reached by a timing clock
Related violations: <none>

TIMING-17#142 Warning
Non-clocked sequential cell  
The clock pin slaves/slave_vfat3/buffer_in/counter_onehz4_reg[21]/C is not reached by a timing clock
Related violations: <none>

TIMING-17#143 Warning
Non-clocked sequential cell  
The clock pin slaves/slave_vfat3/buffer_in/counter_onehz4_reg[22]/C is not reached by a timing clock
Related violations: <none>

TIMING-17#144 Warning
Non-clocked sequential cell  
The clock pin slaves/slave_vfat3/buffer_in/counter_onehz4_reg[23]/C is not reached by a timing clock
Related violations: <none>

TIMING-17#145 Warning
Non-clocked sequential cell  
The clock pin slaves/slave_vfat3/buffer_in/counter_onehz4_reg[24]/C is not reached by a timing clock
Related violations: <none>

TIMING-17#146 Warning
Non-clocked sequential cell  
The clock pin slaves/slave_vfat3/buffer_in/counter_onehz4_reg[25]/C is not reached by a timing clock
Related violations: <none>

TIMING-17#147 Warning
Non-clocked sequential cell  
The clock pin slaves/slave_vfat3/buffer_in/counter_onehz4_reg[26]/C is not reached by a timing clock
Related violations: <none>

TIMING-17#148 Warning
Non-clocked sequential cell  
The clock pin slaves/slave_vfat3/buffer_in/counter_onehz4_reg[27]/C is not reached by a timing clock
Related violations: <none>

TIMING-17#149 Warning
Non-clocked sequential cell  
The clock pin slaves/slave_vfat3/buffer_in/counter_onehz4_reg[28]/C is not reached by a timing clock
Related violations: <none>

TIMING-17#150 Warning
Non-clocked sequential cell  
The clock pin slaves/slave_vfat3/buffer_in/counter_onehz4_reg[29]/C is not reached by a timing clock
Related violations: <none>

TIMING-17#151 Warning
Non-clocked sequential cell  
The clock pin slaves/slave_vfat3/buffer_in/counter_onehz4_reg[2]/C is not reached by a timing clock
Related violations: <none>

TIMING-17#152 Warning
Non-clocked sequential cell  
The clock pin slaves/slave_vfat3/buffer_in/counter_onehz4_reg[30]/C is not reached by a timing clock
Related violations: <none>

TIMING-17#153 Warning
Non-clocked sequential cell  
The clock pin slaves/slave_vfat3/buffer_in/counter_onehz4_reg[31]/C is not reached by a timing clock
Related violations: <none>

TIMING-17#154 Warning
Non-clocked sequential cell  
The clock pin slaves/slave_vfat3/buffer_in/counter_onehz4_reg[3]/C is not reached by a timing clock
Related violations: <none>

TIMING-17#155 Warning
Non-clocked sequential cell  
The clock pin slaves/slave_vfat3/buffer_in/counter_onehz4_reg[4]/C is not reached by a timing clock
Related violations: <none>

TIMING-17#156 Warning
Non-clocked sequential cell  
The clock pin slaves/slave_vfat3/buffer_in/counter_onehz4_reg[5]/C is not reached by a timing clock
Related violations: <none>

TIMING-17#157 Warning
Non-clocked sequential cell  
The clock pin slaves/slave_vfat3/buffer_in/counter_onehz4_reg[6]/C is not reached by a timing clock
Related violations: <none>

TIMING-17#158 Warning
Non-clocked sequential cell  
The clock pin slaves/slave_vfat3/buffer_in/counter_onehz4_reg[7]/C is not reached by a timing clock
Related violations: <none>

TIMING-17#159 Warning
Non-clocked sequential cell  
The clock pin slaves/slave_vfat3/buffer_in/counter_onehz4_reg[8]/C is not reached by a timing clock
Related violations: <none>

TIMING-17#160 Warning
Non-clocked sequential cell  
The clock pin slaves/slave_vfat3/buffer_in/counter_onehz4_reg[9]/C is not reached by a timing clock
Related violations: <none>

TIMING-18#1 Warning
Missing input or output delay  
An output delay is missing on gmii_gtx_clk relative to clock(s) VIRTUAL_I 
Related violations: <none>

TIMING-18#2 Warning
Missing input or output delay  
An output delay is missing on gmii_tx_en relative to clock(s) VIRTUAL_I 
Related violations: <none>

TIMING-18#3 Warning
Missing input or output delay  
An output delay is missing on gmii_tx_er relative to clock(s) VIRTUAL_I 
Related violations: <none>

TIMING-18#4 Warning
Missing input or output delay  
An output delay is missing on gmii_txd[0] relative to clock(s) VIRTUAL_I 
Related violations: <none>

TIMING-18#5 Warning
Missing input or output delay  
An output delay is missing on gmii_txd[1] relative to clock(s) VIRTUAL_I 
Related violations: <none>

TIMING-18#6 Warning
Missing input or output delay  
An output delay is missing on gmii_txd[2] relative to clock(s) VIRTUAL_I 
Related violations: <none>

TIMING-18#7 Warning
Missing input or output delay  
An output delay is missing on gmii_txd[3] relative to clock(s) VIRTUAL_I 
Related violations: <none>

TIMING-18#8 Warning
Missing input or output delay  
An output delay is missing on gmii_txd[4] relative to clock(s) VIRTUAL_I 
Related violations: <none>

TIMING-18#9 Warning
Missing input or output delay  
An output delay is missing on gmii_txd[5] relative to clock(s) VIRTUAL_I 
Related violations: <none>

TIMING-18#10 Warning
Missing input or output delay  
An output delay is missing on gmii_txd[6] relative to clock(s) VIRTUAL_I 
Related violations: <none>

TIMING-18#11 Warning
Missing input or output delay  
An output delay is missing on gmii_txd[7] relative to clock(s) VIRTUAL_I 
Related violations: <none>

TIMING-18#12 Warning
Missing input or output delay  
An output delay is missing on leds[0] relative to clock(s) VIRTUAL_clk_out1_clk_wiz_0 
Related violations: <none>

TIMING-18#13 Warning
Missing input or output delay  
An output delay is missing on leds[1] relative to clock(s) VIRTUAL_clk_out1_clk_wiz_0 
Related violations: <none>

TIMING-18#14 Warning
Missing input or output delay  
An output delay is missing on leds[2] relative to clock(s) VIRTUAL_clk_out1_clk_wiz_0 
Related violations: <none>

TIMING-18#15 Warning
Missing input or output delay  
An output delay is missing on leds[3] relative to clock(s) VIRTUAL_clk_out1_clk_wiz_0 
Related violations: <none>

TIMING-18#16 Warning
Missing input or output delay  
An output delay is missing on leds[4] relative to clock(s) VIRTUAL_clk_out1_clk_wiz_0 
Related violations: <none>

TIMING-18#17 Warning
Missing input or output delay  
An output delay is missing on leds[5] relative to clock(s) VIRTUAL_clk_out1_clk_wiz_0 
Related violations: <none>

TIMING-18#18 Warning
Missing input or output delay  
An output delay is missing on leds[6] relative to clock(s) VIRTUAL_clk_out1_clk_wiz_0 
Related violations: <none>

TIMING-18#19 Warning
Missing input or output delay  
An output delay is missing on leds[7] relative to clock(s) VIRTUAL_clk_out1_clk_wiz_0 
Related violations: <none>

TIMING-27#1 Warning
Invalid primary clock on hierarchical pin  
A primary clock clocks/clk_wiz/inst/clk_in1 is created on an inappropriate internal pin clocks/clk_wiz/inst/clk_in1. It is not recommended to create a primary clock on a hierarchical pin when its driver pin has a fanout connected to multiple clock pins
Related violations: <none>


