Copyright 1986-2016 Xilinx, Inc. All Rights Reserved.
------------------------------------------------------------------------------------------------------------------------------------------------------------------------------------------------------------------------------------------------------------
| Tool Version : Vivado v.2016.3 (win64) Build 1682563 Mon Oct 10 19:07:27 MDT 2016
| Date         : Tue Apr 18 10:53:35 2017
| Host         : Shinsekai running 64-bit major release  (build 9200)
| Command      : report_incremental_reuse -file top_incremental_reuse_pre_placed.rpt (Using checkpoint C:/Users/Jason/Dropbox/ULB/MA2/Memoire/Github/VFAT3-Testbench/Firmware/project_ipbus_extphy_xpr/project_ipbus_extphy_xpr.runs/impl_2/top_routed.dcp)
| Design       : top
| Device       : xc7k325t
------------------------------------------------------------------------------------------------------------------------------------------------------------------------------------------------------------------------------------------------------------

Incremental Reuse Summary

1. Netlist Similarity Summary
-----------------------------

+---------------+-------+-------+------------+
|      Type     | Count | Total | Percentage |
+---------------+-------+-------+------------+
| Matched Cells |   472 |  8571 |       5.50 |
| Matched Ports |    34 |    41 |      82.92 |
| Matched Nets  |   530 | 10067 |       5.26 |
+---------------+-------+-------+------------+


2. Implementation Reuse Summary
-------------------------------

+------------------------------------------------------+-------+-------+------------+
|                         Type                         | Count | Total | Percentage |
+------------------------------------------------------+-------+-------+------------+
| Reused Cells                                         |   488 |  8571 |       5.69 |
| Reused Ports                                         |    36 |    38 |      94.73 |
|   Fixed Ports                                        |    36 |    38 |      94.73 |
| Reused Nets                                          |   298 |  6462 |       4.61 |
|                                                      |       |       |            |
| Non-Reused Cells                                     |  8083 |  8571 |      94.30 |
|   New                                                |  8063 |  8571 |      94.07 |
|   Discarded illegal placement due to netlist changes |    18 |  8571 |       0.21 |
|   Discarded to improve timing                        |     2 |  8571 |       0.02 |
| Fully Reused nets                                    |   171 |  6462 |       2.64 |
| Partially reused nets                                |   127 |  6462 |       1.96 |
| Non-Reused nets                                      |  6164 |  6462 |      95.38 |
| Non-Reused Ports                                     |     2 |    38 |       5.26 |
+------------------------------------------------------+-------+-------+------------+
* Ports that are UnConnected and UnPlaced do not contribute in Reuse calculations


