Copyright 1986-2016 Xilinx, Inc. All Rights Reserved.
--------------------------------------------------------------------------------------------------------------------------------------------------------------------------------------------------------------------------------------------
| Tool Version : Vivado v.2016.3 (win64) Build 1682563 Mon Oct 10 19:07:27 MDT 2016
| Date         : Thu Mar 09 18:26:19 2017
| Host         : Shinsekai running 64-bit major release  (build 9200)
| Command      : report_incremental_reuse -file top_incremental_reuse_pre_placed.rpt (Using checkpoint C:/Users/Jason/Desktop/backup/VFAT3-Testbench/Firmware/project_ipbus_extphy_xpr/project_ipbus_extphy_xpr.runs/impl_2/top_routed.dcp)
| Design       : top
| Device       : xc7k325t
--------------------------------------------------------------------------------------------------------------------------------------------------------------------------------------------------------------------------------------------

Incremental Reuse Summary

1. Netlist Similarity Summary
-----------------------------

+---------------+-------+-------+------------+
|      Type     | Count | Total | Percentage |
+---------------+-------+-------+------------+
| Matched Cells |   472 |  7926 |       5.95 |
| Matched Ports |    38 |    38 |     100.00 |
| Matched Nets  |   532 |  9068 |       5.86 |
+---------------+-------+-------+------------+


2. Implementation Reuse Summary
-------------------------------

+------------------------------------------------------+-------+-------+------------+
|                         Type                         | Count | Total | Percentage |
+------------------------------------------------------+-------+-------+------------+
| Reused Cells                                         |   485 |  7926 |       6.11 |
| Reused Ports                                         |    34 |    34 |     100.00 |
|   Fixed Ports                                        |    34 |    34 |     100.00 |
| Reused Nets                                          |   298 |  5984 |       4.97 |
|                                                      |       |       |            |
| Non-Reused Cells                                     |  7441 |  7926 |      93.88 |
|   New                                                |  7421 |  7926 |      93.62 |
|   Discarded illegal placement due to netlist changes |    18 |  7926 |       0.22 |
|   Discarded to improve timing                        |     2 |  7926 |       0.02 |
| Fully Reused nets                                    |   174 |  5984 |       2.90 |
| Partially reused nets                                |   124 |  5984 |       2.07 |
| Non-Reused nets                                      |  5686 |  5984 |      95.02 |
| Non-Reused Ports                                     |     0 |    34 |       0.00 |
+------------------------------------------------------+-------+-------+------------+
* Ports that are UnConnected and UnPlaced do not contribute in Reuse calculations


