Copyright 1986-2016 Xilinx, Inc. All Rights Reserved.
-------------------------------------------------------------------------------------------------------------
| Tool Version : Vivado v.2016.3 (win64) Build 1682563 Mon Oct 10 19:07:27 MDT 2016
| Date         : Mon Feb 20 16:37:32 2017
| Host         : Shinsekai running 64-bit major release  (build 9200)
| Command      : report_methodology -file top_methodology_drc_routed.rpt -rpx top_methodology_drc_routed.rpx
| Design       : top
| Device       : xc7k325tffg900-2
| Speed File   : -2
| Design State : Routed
-------------------------------------------------------------------------------------------------------------

Report Methodology

Table of Contents
-----------------
1. REPORT SUMMARY
2. REPORT DETAILS

1. REPORT SUMMARY
-----------------
            Netlist: netlist
          Floorplan: design_1
      Design limits: <entire design considered>
             Max violations: <unlimited>
             Violations found: 53
+-----------+----------+-------------------------------------------------+------------+
| Rule      | Severity | Description                                     | Violations |
+-----------+----------+-------------------------------------------------+------------+
| PDRC-190  | Warning  | Suboptimally placed synchronized register chain | 4          |
| SYNTH-6   | Warning  | Timing of a block RAM might be sub-optimal      | 19         |
| TIMING-6  | Warning  | No common primary clock between related clocks  | 2          |
| TIMING-7  | Warning  | No common node between related clocks           | 2          |
| TIMING-9  | Warning  | Unknown CDC Logic                               | 1          |
| TIMING-15 | Warning  | Large hold violation on inter-clock path        | 10         |
| TIMING-18 | Warning  | Missing input or output delay                   | 15         |
+-----------+----------+-------------------------------------------------+------------+

2. REPORT DETAILS
-----------------
PDRC-190#1 Warning
Suboptimally placed synchronized register chain  
The FDPE cell eth/emac0/U0/trimac_top/TRI_SPEED.TRIMAC_INST/SYNC_RX_RESET_I/R2 in site SLICE_X21Y100 is part of a synchronized register chain that is suboptimally placed as the load FDRE cell eth/emac0/U0/trimac_top/TRI_SPEED.TRIMAC_INST/SYNC_RX_RESET_I/R3 is not placed in the same (SLICE) site.
Related violations: <none>

PDRC-190#2 Warning
Suboptimally placed synchronized register chain  
The FDPE cell eth/emac0/U0/trimac_top/TRI_SPEED.TRIMAC_INST/SYNC_TX_RESET_I/R2 in site SLICE_X29Y94 is part of a synchronized register chain that is suboptimally placed as the load FDRE cell eth/emac0/U0/trimac_top/TRI_SPEED.TRIMAC_INST/SYNC_TX_RESET_I/R3 is not placed in the same (SLICE) site.
Related violations: <none>

PDRC-190#3 Warning
Suboptimally placed synchronized register chain  
The FDPE cell eth/fifo/U0/xst_fifo_generator/gaxis_fifo.gaxisf.axisf/grf.rf/rstblk/rd_rst_asreg in site SLICE_X19Y103 is part of a synchronized register chain that is suboptimally placed as the load FDRE cell eth/fifo/U0/xst_fifo_generator/gaxis_fifo.gaxisf.axisf/grf.rf/rstblk/rd_rst_asreg_d1 is not placed in the same (SLICE) site.
Related violations: <none>

PDRC-190#4 Warning
Suboptimally placed synchronized register chain  
The FDPE cell eth/fifo/U0/xst_fifo_generator/gaxis_fifo.gaxisf.axisf/grf.rf/rstblk/wr_rst_asreg in site SLICE_X17Y102 is part of a synchronized register chain that is suboptimally placed as the load FDRE cell eth/fifo/U0/xst_fifo_generator/gaxis_fifo.gaxisf.axisf/grf.rf/rstblk/wr_rst_asreg_d1 is not placed in the same (SLICE) site.
Related violations: <none>

SYNTH-6#1 Warning
Timing of a block RAM might be sub-optimal  
The timing for the instance ipbus/udp_if/internal_ram/ram_reg, implemented as a block RAM, might be sub-optimal as no output register was merged into the block
Related violations: <none>

SYNTH-6#2 Warning
Timing of a block RAM might be sub-optimal  
The timing for the instance ipbus/udp_if/ipbus_rx_ram/ram1_reg_0, implemented as a block RAM, might be sub-optimal as no output register was merged into the block
Related violations: <none>

SYNTH-6#3 Warning
Timing of a block RAM might be sub-optimal  
The timing for the instance ipbus/udp_if/ipbus_rx_ram/ram1_reg_1, implemented as a block RAM, might be sub-optimal as no output register was merged into the block
Related violations: <none>

SYNTH-6#4 Warning
Timing of a block RAM might be sub-optimal  
The timing for the instance ipbus/udp_if/ipbus_rx_ram/ram2_reg_0, implemented as a block RAM, might be sub-optimal as no output register was merged into the block
Related violations: <none>

SYNTH-6#5 Warning
Timing of a block RAM might be sub-optimal  
The timing for the instance ipbus/udp_if/ipbus_rx_ram/ram2_reg_1, implemented as a block RAM, might be sub-optimal as no output register was merged into the block
Related violations: <none>

SYNTH-6#6 Warning
Timing of a block RAM might be sub-optimal  
The timing for the instance ipbus/udp_if/ipbus_rx_ram/ram3_reg_0, implemented as a block RAM, might be sub-optimal as no output register was merged into the block
Related violations: <none>

SYNTH-6#7 Warning
Timing of a block RAM might be sub-optimal  
The timing for the instance ipbus/udp_if/ipbus_rx_ram/ram3_reg_1, implemented as a block RAM, might be sub-optimal as no output register was merged into the block
Related violations: <none>

SYNTH-6#8 Warning
Timing of a block RAM might be sub-optimal  
The timing for the instance ipbus/udp_if/ipbus_rx_ram/ram4_reg_0, implemented as a block RAM, might be sub-optimal as no output register was merged into the block
Related violations: <none>

SYNTH-6#9 Warning
Timing of a block RAM might be sub-optimal  
The timing for the instance ipbus/udp_if/ipbus_rx_ram/ram4_reg_1, implemented as a block RAM, might be sub-optimal as no output register was merged into the block
Related violations: <none>

SYNTH-6#10 Warning
Timing of a block RAM might be sub-optimal  
The timing for the instance ipbus/udp_if/ipbus_tx_ram/ram_reg_0, implemented as a block RAM, might be sub-optimal as no output register was merged into the block
Related violations: <none>

SYNTH-6#11 Warning
Timing of a block RAM might be sub-optimal  
The timing for the instance ipbus/udp_if/ipbus_tx_ram/ram_reg_1, implemented as a block RAM, might be sub-optimal as no output register was merged into the block
Related violations: <none>

SYNTH-6#12 Warning
Timing of a block RAM might be sub-optimal  
The timing for the instance ipbus/udp_if/ipbus_tx_ram/ram_reg_2, implemented as a block RAM, might be sub-optimal as no output register was merged into the block
Related violations: <none>

SYNTH-6#13 Warning
Timing of a block RAM might be sub-optimal  
The timing for the instance ipbus/udp_if/ipbus_tx_ram/ram_reg_3, implemented as a block RAM, might be sub-optimal as no output register was merged into the block
Related violations: <none>

SYNTH-6#14 Warning
Timing of a block RAM might be sub-optimal  
The timing for the instance ipbus/udp_if/ipbus_tx_ram/ram_reg_4, implemented as a block RAM, might be sub-optimal as no output register was merged into the block
Related violations: <none>

SYNTH-6#15 Warning
Timing of a block RAM might be sub-optimal  
The timing for the instance ipbus/udp_if/ipbus_tx_ram/ram_reg_5, implemented as a block RAM, might be sub-optimal as no output register was merged into the block
Related violations: <none>

SYNTH-6#16 Warning
Timing of a block RAM might be sub-optimal  
The timing for the instance ipbus/udp_if/ipbus_tx_ram/ram_reg_6, implemented as a block RAM, might be sub-optimal as no output register was merged into the block
Related violations: <none>

SYNTH-6#17 Warning
Timing of a block RAM might be sub-optimal  
The timing for the instance ipbus/udp_if/ipbus_tx_ram/ram_reg_7, implemented as a block RAM, might be sub-optimal as no output register was merged into the block
Related violations: <none>

SYNTH-6#18 Warning
Timing of a block RAM might be sub-optimal  
The timing for the instance slaves/slave2/reg_reg, implemented as a block RAM, might be sub-optimal as no output register was merged into the block
Related violations: <none>

SYNTH-6#19 Warning
Timing of a block RAM might be sub-optimal  
The timing for the instance slaves/slave4/reg_reg, implemented as a block RAM, might be sub-optimal as no output register was merged into the block
Related violations: <none>

TIMING-6#1 Warning
No common primary clock between related clocks  
The clocks I and gmii_rx_clk are related (timed together) but they have no common primary clock. The design could fail in hardware. To find a timing path between these clocks, run the following command: report_timing -from [get_clocks I] -to [get_clocks gmii_rx_clk]
Related violations: <none>

TIMING-6#2 Warning
No common primary clock between related clocks  
The clocks gmii_rx_clk and I are related (timed together) but they have no common primary clock. The design could fail in hardware. To find a timing path between these clocks, run the following command: report_timing -from [get_clocks gmii_rx_clk] -to [get_clocks I]
Related violations: <none>

TIMING-7#1 Warning
No common node between related clocks  
The clocks I and gmii_rx_clk are related (timed together) but they have no common node. The design could fail in hardware. To find a timing path between these clocks, run the following command: report_timing -from [get_clocks I] -to [get_clocks gmii_rx_clk]
Related violations: <none>

TIMING-7#2 Warning
No common node between related clocks  
The clocks gmii_rx_clk and I are related (timed together) but they have no common node. The design could fail in hardware. To find a timing path between these clocks, run the following command: report_timing -from [get_clocks gmii_rx_clk] -to [get_clocks I]
Related violations: <none>

TIMING-9#1 Warning
Unknown CDC Logic  
One or more asynchronous Clock Domain Crossing has been detected between 2 clock domains through a set_false_path or a set_clock_groups or set_max_delay -datapath_only constraint but no double-registers logic synchronizer has been found on the side of the capture clock. It is recommended to run report_cdc for a complete and detailed CDC coverage
Related violations: <none>

TIMING-15#1 Warning
Large hold violation on inter-clock path  
There is a large inter-clock skew of 7.154 ns between eth/fifo/U0/xst_fifo_generator/gaxis_fifo.gaxisf.axisf/grf.rf/gntv_or_sync_fifo.mem/gdm.dm/Mram_RAM1/RAMA/CLK (clocked by gmii_rx_clk) and eth/fifo/U0/xst_fifo_generator/gaxis_fifo.gaxisf.axisf/grf.rf/gntv_or_sync_fifo.mem/gdm.dm/dout_i_0/D (clocked by I) that results in large hold timing violation(s) of -1.836 ns. Fixing large hold violations during routing might impact setup slack and result in more difficult timing closure
Related violations: <none>

TIMING-15#2 Warning
Large hold violation on inter-clock path  
There is a large inter-clock skew of 7.154 ns between eth/fifo/U0/xst_fifo_generator/gaxis_fifo.gaxisf.axisf/grf.rf/gntv_or_sync_fifo.mem/gdm.dm/Mram_RAM1/RAMA_D1/CLK (clocked by gmii_rx_clk) and eth/fifo/U0/xst_fifo_generator/gaxis_fifo.gaxisf.axisf/grf.rf/gntv_or_sync_fifo.mem/gdm.dm/dout_i_1/D (clocked by I) that results in large hold timing violation(s) of -1.230 ns. Fixing large hold violations during routing might impact setup slack and result in more difficult timing closure
Related violations: <none>

TIMING-15#3 Warning
Large hold violation on inter-clock path  
There is a large inter-clock skew of 7.154 ns between eth/fifo/U0/xst_fifo_generator/gaxis_fifo.gaxisf.axisf/grf.rf/gntv_or_sync_fifo.mem/gdm.dm/Mram_RAM1/RAMB/CLK (clocked by gmii_rx_clk) and eth/fifo/U0/xst_fifo_generator/gaxis_fifo.gaxisf.axisf/grf.rf/gntv_or_sync_fifo.mem/gdm.dm/dout_i_2/D (clocked by I) that results in large hold timing violation(s) of -1.174 ns. Fixing large hold violations during routing might impact setup slack and result in more difficult timing closure
Related violations: <none>

TIMING-15#4 Warning
Large hold violation on inter-clock path  
There is a large inter-clock skew of 7.154 ns between eth/fifo/U0/xst_fifo_generator/gaxis_fifo.gaxisf.axisf/grf.rf/gntv_or_sync_fifo.mem/gdm.dm/Mram_RAM1/RAMB_D1/CLK (clocked by gmii_rx_clk) and eth/fifo/U0/xst_fifo_generator/gaxis_fifo.gaxisf.axisf/grf.rf/gntv_or_sync_fifo.mem/gdm.dm/dout_i_3/D (clocked by I) that results in large hold timing violation(s) of -1.601 ns. Fixing large hold violations during routing might impact setup slack and result in more difficult timing closure
Related violations: <none>

TIMING-15#5 Warning
Large hold violation on inter-clock path  
There is a large inter-clock skew of 7.154 ns between eth/fifo/U0/xst_fifo_generator/gaxis_fifo.gaxisf.axisf/grf.rf/gntv_or_sync_fifo.mem/gdm.dm/Mram_RAM1/RAMC/CLK (clocked by gmii_rx_clk) and eth/fifo/U0/xst_fifo_generator/gaxis_fifo.gaxisf.axisf/grf.rf/gntv_or_sync_fifo.mem/gdm.dm/dout_i_4/D (clocked by I) that results in large hold timing violation(s) of -1.394 ns. Fixing large hold violations during routing might impact setup slack and result in more difficult timing closure
Related violations: <none>

TIMING-15#6 Warning
Large hold violation on inter-clock path  
There is a large inter-clock skew of 7.154 ns between eth/fifo/U0/xst_fifo_generator/gaxis_fifo.gaxisf.axisf/grf.rf/gntv_or_sync_fifo.mem/gdm.dm/Mram_RAM1/RAMC_D1/CLK (clocked by gmii_rx_clk) and eth/fifo/U0/xst_fifo_generator/gaxis_fifo.gaxisf.axisf/grf.rf/gntv_or_sync_fifo.mem/gdm.dm/dout_i_5/D (clocked by I) that results in large hold timing violation(s) of -1.875 ns. Fixing large hold violations during routing might impact setup slack and result in more difficult timing closure
Related violations: <none>

TIMING-15#7 Warning
Large hold violation on inter-clock path  
There is a large inter-clock skew of 7.154 ns between eth/fifo/U0/xst_fifo_generator/gaxis_fifo.gaxisf.axisf/grf.rf/gntv_or_sync_fifo.mem/gdm.dm/Mram_RAM21/DP/CLK (clocked by gmii_rx_clk) and eth/fifo/U0/xst_fifo_generator/gaxis_fifo.gaxisf.axisf/grf.rf/gntv_or_sync_fifo.mem/gdm.dm/dout_i_6/D (clocked by I) that results in large hold timing violation(s) of -1.556 ns. Fixing large hold violations during routing might impact setup slack and result in more difficult timing closure
Related violations: <none>

TIMING-15#8 Warning
Large hold violation on inter-clock path  
There is a large inter-clock skew of 7.154 ns between eth/fifo/U0/xst_fifo_generator/gaxis_fifo.gaxisf.axisf/grf.rf/gntv_or_sync_fifo.mem/gdm.dm/Mram_RAM22/DP/CLK (clocked by gmii_rx_clk) and eth/fifo/U0/xst_fifo_generator/gaxis_fifo.gaxisf.axisf/grf.rf/gntv_or_sync_fifo.mem/gdm.dm/dout_i_7/D (clocked by I) that results in large hold timing violation(s) of -1.483 ns. Fixing large hold violations during routing might impact setup slack and result in more difficult timing closure
Related violations: <none>

TIMING-15#9 Warning
Large hold violation on inter-clock path  
There is a large inter-clock skew of 7.154 ns between eth/fifo/U0/xst_fifo_generator/gaxis_fifo.gaxisf.axisf/grf.rf/gntv_or_sync_fifo.mem/gdm.dm/Mram_RAM23/DP/CLK (clocked by gmii_rx_clk) and eth/fifo/U0/xst_fifo_generator/gaxis_fifo.gaxisf.axisf/grf.rf/gntv_or_sync_fifo.mem/gdm.dm/dout_i_8/D (clocked by I) that results in large hold timing violation(s) of -1.740 ns. Fixing large hold violations during routing might impact setup slack and result in more difficult timing closure
Related violations: <none>

TIMING-15#10 Warning
Large hold violation on inter-clock path  
There is a large inter-clock skew of 7.154 ns between eth/fifo/U0/xst_fifo_generator/gaxis_fifo.gaxisf.axisf/grf.rf/gntv_or_sync_fifo.mem/gdm.dm/Mram_RAM24/DP/CLK (clocked by gmii_rx_clk) and eth/fifo/U0/xst_fifo_generator/gaxis_fifo.gaxisf.axisf/grf.rf/gntv_or_sync_fifo.mem/gdm.dm/dout_i_9/D (clocked by I) that results in large hold timing violation(s) of -1.648 ns. Fixing large hold violations during routing might impact setup slack and result in more difficult timing closure
Related violations: <none>

TIMING-18#1 Warning
Missing input or output delay  
An output delay is missing on gmii_gtx_clk relative to clock(s) VIRTUAL_I 
Related violations: <none>

TIMING-18#2 Warning
Missing input or output delay  
An output delay is missing on gmii_tx_en relative to clock(s) VIRTUAL_I 
Related violations: <none>

TIMING-18#3 Warning
Missing input or output delay  
An output delay is missing on gmii_tx_er relative to clock(s) VIRTUAL_I 
Related violations: <none>

TIMING-18#4 Warning
Missing input or output delay  
An output delay is missing on gmii_txd[0] relative to clock(s) VIRTUAL_I 
Related violations: <none>

TIMING-18#5 Warning
Missing input or output delay  
An output delay is missing on gmii_txd[1] relative to clock(s) VIRTUAL_I 
Related violations: <none>

TIMING-18#6 Warning
Missing input or output delay  
An output delay is missing on gmii_txd[2] relative to clock(s) VIRTUAL_I 
Related violations: <none>

TIMING-18#7 Warning
Missing input or output delay  
An output delay is missing on gmii_txd[3] relative to clock(s) VIRTUAL_I 
Related violations: <none>

TIMING-18#8 Warning
Missing input or output delay  
An output delay is missing on gmii_txd[4] relative to clock(s) VIRTUAL_I 
Related violations: <none>

TIMING-18#9 Warning
Missing input or output delay  
An output delay is missing on gmii_txd[5] relative to clock(s) VIRTUAL_I 
Related violations: <none>

TIMING-18#10 Warning
Missing input or output delay  
An output delay is missing on gmii_txd[6] relative to clock(s) VIRTUAL_I 
Related violations: <none>

TIMING-18#11 Warning
Missing input or output delay  
An output delay is missing on gmii_txd[7] relative to clock(s) VIRTUAL_I 
Related violations: <none>

TIMING-18#12 Warning
Missing input or output delay  
An output delay is missing on leds[0] relative to clock(s) VIRTUAL_I sysclk_p 
Related violations: <none>

TIMING-18#13 Warning
Missing input or output delay  
An output delay is missing on leds[1] relative to clock(s) VIRTUAL_I sysclk_p 
Related violations: <none>

TIMING-18#14 Warning
Missing input or output delay  
An output delay is missing on leds[2] relative to clock(s) VIRTUAL_I sysclk_p 
Related violations: <none>

TIMING-18#15 Warning
Missing input or output delay  
An output delay is missing on leds[3] relative to clock(s) VIRTUAL_I sysclk_p 
Related violations: <none>


